Aug 15, 2026 7:24:43 PM com.bempdiff.server.BempServer start
信息: [Web] BempDiff HTTP 服务已启动：http://127.0.0.1:18765  (仅本机)
Aug 15, 2026 7:25:10 PM com.bempdiff.server.BempServer handleCompare
警告: 比对失败
java.nio.file.NoSuchFileException: sample_v1.war
	at java.base/sun.nio.fs.WindowsException.translateToIOException(WindowsException.java:85)
	at java.base/sun.nio.fs.WindowsException.rethrowAsIOException(WindowsException.java:103)
	at java.base/sun.nio.fs.WindowsException.rethrowAsIOException(WindowsException.java:108)
	at java.base/sun.nio.fs.WindowsFileAttributeViews$Basic.readAttributes(WindowsFileAttributeViews.java:53)
	at java.base/sun.nio.fs.WindowsFileAttributeViews$Basic.readAttributes(WindowsFileAttributeViews.java:38)
	at java.base/sun.nio.fs.WindowsFileSystemProvider.readAttributes(WindowsFileSystemProvider.java:197)
	at java.base/java.nio.file.Files.readAttributes(Files.java:1854)
	at java.base/java.util.zip.ZipFile$Source.get(ZipFile.java:1501)
	at java.base/java.util.zip.ZipFile$CleanableResource.<init>(ZipFile.java:760)
	at java.base/java.util.zip.ZipFile.<init>(ZipFile.java:254)
	at java.base/java.util.zip.ZipFile.<init>(ZipFile.java:182)
	at java.base/java.util.zip.ZipFile.<init>(ZipFile.java:196)
	at com.bempdiff.parse.PackageParser.detectType(PackageParser.java:53)
	at com.bempdiff.parse.PackageParser.parse(PackageParser.java:137)
	at com.bempdiff.server.BempServer.handleCompare(BempServer.java:215)
	at jdk.httpserver/com.sun.net.httpserver.Filter$Chain.doFilter(Filter.java:98)
	at jdk.httpserver/sun.net.httpserver.AuthFilter.doFilter(AuthFilter.java:82)
	at jdk.httpserver/com.sun.net.httpserver.Filter$Chain.doFilter(Filter.java:101)
	at jdk.httpserver/sun.net.httpserver.ServerImpl$Exchange$LinkHandler.handle(ServerImpl.java:932)
	at jdk.httpserver/com.sun.net.httpserver.Filter$Chain.doFilter(Filter.java:98)
	at jdk.httpserver/sun.net.httpserver.ServerImpl$Exchange.run(ServerImpl.java:908)
	at jdk.httpserver/sun.net.httpserver.ServerImpl$DefaultExecutor.execute(ServerImpl.java:205)
	at jdk.httpserver/sun.net.httpserver.ServerImpl$Dispatcher.handle(ServerImpl.java:618)
	at jdk.httpserver/sun.net.httpserver.ServerImpl$Dispatcher.run(ServerImpl.java:583)
	at java.base/java.lang.Thread.run(Thread.java:1583)

